// Jest Snapshot v1, https://goo.gl/fbAQLP

exports[`menu matches snapshot 1`] = `
<body>
  <div
    aria-hidden="true"
  />
  <div
    class="MuiPopover-root"
    data-testid="dropdown-menu"
    role="presentation"
    style="position: fixed; z-index: 1300; right: 0px; bottom: 0px; top: 0px; left: 0px;"
  >
    <div
      aria-hidden="true"
      style="z-index: -1; position: fixed; right: 0px; bottom: 0px; top: 0px; left: 0px; background-color: transparent;"
    />
    <div
      data-test="sentinelStart"
      tabindex="0"
    />
    <div
      class="MuiPaper-root MuiMenu-paper MuiPopover-paper MuiPaper-elevation3 MuiPaper-rounded"
      style="opacity: 1; transform: scale(1, 1); transition: opacity 0ms cubic-bezier(0.4, 0, 0.2, 1) 0ms,transform 0ms cubic-bezier(0.4, 0, 0.2, 1) 0ms; top: 16px; left: 16px; transform-origin: -16px -16px;"
      tabindex="-1"
    >
      <ul
        class="MuiList-root MuiMenu-list MuiList-padding"
        role="menu"
        tabindex="0"
      >
        <ul
          class="MuiList-root makeStyles-menuList-1 MuiList-dense MuiList-padding"
          role="menu"
          tabindex="0"
        >
          <li
            aria-disabled="false"
            aria-label="remove view"
            class="MuiButtonBase-root MuiListItem-root MuiMenuItem-root MuiMenuItem-gutters MuiListItem-dense MuiMenuItem-dense MuiListItem-gutters MuiListItem-button"
            role="menuitem"
            tabindex="0"
          >
            <div
              class="MuiListItemIcon-root"
            >
              <svg
                aria-hidden="true"
                class="MuiSvgIcon-root"
                focusable="false"
                viewBox="0 0 24 24"
              >
                <path
                  d="M16 9v10H8V9h8m-1.5-6h-5l-1 1H5v2h14V4h-3.5l-1-1zM18 7H6v12c0 1.1.9 2 2 2h8c1.1 0 2-.9 2-2V7z"
                />
              </svg>
            </div>
            <span
              class="MuiTypography-root"
            >
              Remove view
            </span>
            <span
              class="MuiTouchRipple-root"
            />
          </li>
        </ul>
      </ul>
    </div>
    <div
      data-test="sentinelEnd"
      tabindex="0"
    />
  </div>
</body>
`;
