// Jest Snapshot v1, https://goo.gl/fbAQLP

exports[`matches snapshot 1`] = `
<body>
  <div>
    <div
      class="makeStyles-menu-1"
    >
      <div
        class="makeStyles-wrapper-2"
      >
        <div
          class="makeStyles-buttonWrapper-8"
        >
          <button
            class="makeStyles-button-9"
            title="All sessions"
          >
            <svg
              aria-hidden="true"
              class="MuiSvgIcon-root makeStyles-icon-7"
              focusable="false"
              viewBox="0 0 24 24"
            >
              <rect
                fill="none"
                height="24"
                width="24"
              />
              <g>
                <path
                  d="M12,12.75c1.63,0,3.07,0.39,4.24,0.9c1.08,0.48,1.76,1.56,1.76,2.73L18,18H6l0-1.61c0-1.18,0.68-2.26,1.76-2.73 C8.93,13.14,10.37,12.75,12,12.75z M4,13c1.1,0,2-0.9,2-2c0-1.1-0.9-2-2-2s-2,0.9-2,2C2,12.1,2.9,13,4,13z M5.13,14.1 C4.76,14.04,4.39,14,4,14c-0.99,0-1.93,0.21-2.78,0.58C0.48,14.9,0,15.62,0,16.43V18l4.5,0v-1.61C4.5,15.56,4.73,14.78,5.13,14.1z M20,13c1.1,0,2-0.9,2-2c0-1.1-0.9-2-2-2s-2,0.9-2,2C18,12.1,18.9,13,20,13z M24,16.43c0-0.81-0.48-1.53-1.22-1.85 C21.93,14.21,20.99,14,20,14c-0.39,0-0.76,0.04-1.13,0.1c0.4,0.68,0.63,1.46,0.63,2.29V18l4.5,0V16.43z M12,6c1.66,0,3,1.34,3,3 c0,1.66-1.34,3-3,3s-3-1.34-3-3C9,7.34,10.34,6,12,6z"
                />
              </g>
            </svg>
          </button>
        </div>
        <div
          class="makeStyles-hr-3"
        />
        <div
          class="makeStyles-buttonWrapper-8"
        >
          <button
            class="makeStyles-button-9"
            title="John Doe"
          >
            <div
              class="makeStyles-initialsContainer-12"
            >
              <p
                class="MuiTypography-root makeStyles-initials-13 MuiTypography-body1"
              >
                JD
              </p>
            </div>
            <svg
              aria-hidden="true"
              class="MuiSvgIcon-root makeStyles-icon-14"
              focusable="false"
              viewBox="0 0 24 24"
            >
              <path
                d="M12 12c2.21 0 4-1.79 4-4s-1.79-4-4-4-4 1.79-4 4 1.79 4 4 4zm0 2c-2.67 0-8 1.34-8 4v2h16v-2c0-2.66-5.33-4-8-4z"
              />
            </svg>
          </button>
          <div
            class="makeStyles-indicator-11"
          />
        </div>
        <div
          class="makeStyles-buttonWrapper-8"
        >
          <button
            class="makeStyles-button-9"
            title="Jane Smith"
          >
            <div
              class="makeStyles-initialsContainer-12"
            >
              <p
                class="MuiTypography-root makeStyles-initials-13 MuiTypography-body1"
              >
                JS
              </p>
            </div>
            <svg
              aria-hidden="true"
              class="MuiSvgIcon-root makeStyles-icon-14"
              focusable="false"
              viewBox="0 0 24 24"
            >
              <path
                d="M12 12c2.21 0 4-1.79 4-4s-1.79-4-4-4-4 1.79-4 4 1.79 4 4 4zm0 2c-2.67 0-8 1.34-8 4v2h16v-2c0-2.66-5.33-4-8-4z"
              />
            </svg>
            <div
              class="makeStyles-recordingLabelContainer-15"
            >
              <p
                class="MuiTypography-root makeStyles-recordingLabel-16 MuiTypography-body1"
              >
                REC
              </p>
            </div>
          </button>
        </div>
        <button
          aria-label="create new learning session"
          class="MuiButtonBase-root MuiFab-root makeStyles-addButton-5 MuiFab-sizeSmall MuiFab-primary"
          tabindex="0"
          title="Create new session"
          type="button"
        >
          <span
            class="MuiFab-label"
          >
            <svg
              aria-hidden="true"
              class="MuiSvgIcon-root makeStyles-addIcon-6"
              focusable="false"
              viewBox="0 0 24 24"
            >
              <path
                d="M19 13h-6v6h-2v-6H5v-2h6V5h2v6h6v2z"
              />
            </svg>
          </span>
          <span
            class="MuiTouchRipple-root"
          />
        </button>
      </div>
    </div>
  </div>
</body>
`;
