// Jest Snapshot v1, https://goo.gl/fbAQLP

exports[`button matches snapshot 1`] = `
<body>
  <div>
    <button
      class="MuiButtonBase-root MuiButton-root MuiButton-contained MuiButton-containedPrimary"
      tabindex="0"
      type="button"
    >
      <span
        class="MuiButton-label"
      >
        <span
          class="MuiButton-startIcon MuiButton-iconSizeMedium"
        >
          <svg
            aria-hidden="true"
            class="MuiSvgIcon-root"
            focusable="false"
            viewBox="0 0 24 24"
          >
            <path
              d="M8 5v14l11-7z"
            />
          </svg>
        </span>
        Start recording
      </span>
      <span
        class="MuiTouchRipple-root"
      />
    </button>
  </div>
</body>
`;
