// Jest Snapshot v1, https://goo.gl/fbAQLP

exports[`create session view matches snapshot 1`] = `
<body>
  <div>
    <div
      class="makeStyles-pageContainer-1"
    >
      <img
        alt="The LCI-lab logo"
        class="makeStyles-pageLogo-2"
        src="LCI_logo.png"
      />
      <div
        class="makeStyles-pageContent-3"
      >
        <div
          class="makeStyles-form-5"
        >
          <h1
            class="MuiTypography-root MuiTypography-h1"
            style="color: rgb(0, 0, 0);"
          >
            Create New Learning Session
          </h1>
          <div
            class="MuiFormControl-root MuiTextField-root makeStyles-inputNewSessionName-6"
          >
            <label
              class="MuiFormLabel-root MuiInputLabel-root MuiInputLabel-formControl MuiInputLabel-animated"
              data-shrink="false"
            >
              Session name
            </label>
            <div
              class="MuiInputBase-root MuiInput-root MuiInput-underline MuiInputBase-formControl MuiInput-formControl"
            >
              <input
                aria-invalid="false"
                class="MuiInputBase-input MuiInput-input"
                type="text"
                value=""
              />
            </div>
          </div>
          <div
            class="makeStyles-addStudentContainer-10"
          >
            <div
              class="MuiFormControl-root"
            >
              <label
                class="MuiFormLabel-root MuiInputLabel-root makeStyles-placeholder-14 MuiInputLabel-formControl MuiInputLabel-animated"
                data-shrink="false"
                id="label"
              >
                Student
              </label>
              <div
                class="MuiInputBase-root MuiInput-root MuiInput-underline MuiInputBase-formControl MuiInput-formControl"
              >
                <div
                  aria-haspopup="listbox"
                  aria-labelledby="label"
                  class="MuiSelect-root makeStyles-inputSelectStudent-8 MuiSelect-select MuiSelect-selectMenu MuiInputBase-input MuiInput-input"
                  role="button"
                  tabindex="0"
                >
                  <span>
                    â€‹
                  </span>
                </div>
                <input
                  aria-hidden="true"
                  class="MuiSelect-nativeInput"
                  tabindex="-1"
                  value=""
                />
                <svg
                  aria-hidden="true"
                  class="MuiSvgIcon-root MuiSelect-icon"
                  focusable="false"
                  viewBox="0 0 24 24"
                >
                  <path
                    d="M7 10l5 5 5-5z"
                  />
                </svg>
              </div>
            </div>
            <button
              aria-label="add new student"
              class="MuiButtonBase-root MuiIconButton-root makeStyles-addStudentBtn-9 MuiIconButton-colorPrimary"
              tabindex="0"
              type="button"
            >
              <span
                class="MuiIconButton-label"
              >
                <svg
                  aria-hidden="true"
                  class="MuiSvgIcon-root"
                  focusable="false"
                  viewBox="0 0 24 24"
                >
                  <path
                    d="M12 2C6.48 2 2 6.48 2 12s4.48 10 10 10 10-4.48 10-10S17.52 2 12 2zm4 11h-3v3c0 .55-.45 1-1 1s-1-.45-1-1v-3H8c-.55 0-1-.45-1-1s.45-1 1-1h3V8c0-.55.45-1 1-1s1 .45 1 1v3h3c.55 0 1 .45 1 1s-.45 1-1 1z"
                  />
                </svg>
              </span>
              <span
                class="MuiTouchRipple-root"
              />
            </button>
          </div>
          <div>
            <span
              class="MuiTypography-root MuiTypography-caption"
            >
              Eye tracking device
            </span>
            <div
              aria-label="eye tracker decive"
              class="MuiFormGroup-root MuiFormGroup-row"
              role="radiogroup"
            >
              <label
                class="MuiFormControlLabel-root"
              >
                <span
                  aria-disabled="false"
                  class="MuiButtonBase-root MuiIconButton-root PrivateSwitchBase-root-15 MuiRadio-root MuiRadio-colorSecondary MuiIconButton-colorSecondary"
                >
                  <span
                    class="MuiIconButton-label"
                  >
                    <input
                      class="PrivateSwitchBase-input-18"
                      name="eyetracker"
                      type="radio"
                      value="stationary"
                    />
                    <div
                      class="PrivateRadioButtonIcon-root-19"
                    >
                      <svg
                        aria-hidden="true"
                        class="MuiSvgIcon-root"
                        focusable="false"
                        viewBox="0 0 24 24"
                      >
                        <path
                          d="M12 2C6.48 2 2 6.48 2 12s4.48 10 10 10 10-4.48 10-10S17.52 2 12 2zm0 18c-4.42 0-8-3.58-8-8s3.58-8 8-8 8 3.58 8 8-3.58 8-8 8z"
                        />
                      </svg>
                      <svg
                        aria-hidden="true"
                        class="MuiSvgIcon-root PrivateRadioButtonIcon-layer-20"
                        focusable="false"
                        viewBox="0 0 24 24"
                      >
                        <path
                          d="M8.465 8.465C9.37 7.56 10.62 7 12 7C14.76 7 17 9.24 17 12C17 13.38 16.44 14.63 15.535 15.535C14.63 16.44 13.38 17 12 17C9.24 17 7 14.76 7 12C7 10.62 7.56 9.37 8.465 8.465Z"
                        />
                      </svg>
                    </div>
                  </span>
                  <span
                    class="MuiTouchRipple-root"
                  />
                </span>
                <span
                  class="MuiTypography-root MuiFormControlLabel-label MuiTypography-body1"
                >
                  Stationary
                </span>
              </label>
              <label
                class="MuiFormControlLabel-root"
                style="margin-left: 20px;"
              >
                <span
                  aria-disabled="false"
                  class="MuiButtonBase-root MuiIconButton-root PrivateSwitchBase-root-15 MuiRadio-root MuiRadio-colorSecondary MuiIconButton-colorSecondary"
                >
                  <span
                    class="MuiIconButton-label"
                  >
                    <input
                      class="PrivateSwitchBase-input-18"
                      name="eyetracker"
                      type="radio"
                      value="mobile"
                    />
                    <div
                      class="PrivateRadioButtonIcon-root-19"
                    >
                      <svg
                        aria-hidden="true"
                        class="MuiSvgIcon-root"
                        focusable="false"
                        viewBox="0 0 24 24"
                      >
                        <path
                          d="M12 2C6.48 2 2 6.48 2 12s4.48 10 10 10 10-4.48 10-10S17.52 2 12 2zm0 18c-4.42 0-8-3.58-8-8s3.58-8 8-8 8 3.58 8 8-3.58 8-8 8z"
                        />
                      </svg>
                      <svg
                        aria-hidden="true"
                        class="MuiSvgIcon-root PrivateRadioButtonIcon-layer-20"
                        focusable="false"
                        viewBox="0 0 24 24"
                      >
                        <path
                          d="M8.465 8.465C9.37 7.56 10.62 7 12 7C14.76 7 17 9.24 17 12C17 13.38 16.44 14.63 15.535 15.535C14.63 16.44 13.38 17 12 17C9.24 17 7 14.76 7 12C7 10.62 7.56 9.37 8.465 8.465Z"
                        />
                      </svg>
                    </div>
                  </span>
                  <span
                    class="MuiTouchRipple-root"
                  />
                </span>
                <span
                  class="MuiTypography-root MuiFormControlLabel-label MuiTypography-body1"
                >
                  Mobile
                </span>
              </label>
            </div>
          </div>
          <div
            class="makeStyles-sessionInfoContainer-12"
          >
            <span
              class="MuiTypography-root MuiTypography-caption"
            >
              Session code
            </span>
            <span
              class="MuiTypography-root makeStyles-sessionToken-11 MuiTypography-caption"
            />
            <span
              class="MuiTypography-root MuiTypography-caption"
              style="color: rgb(221, 87, 87);"
            >
              Waiting for student connection...
            </span>
          </div>
          <button
            class="MuiButtonBase-root MuiButton-root MuiButton-contained makeStyles-btn-13 MuiButton-containedPrimary Mui-disabled Mui-disabled"
            disabled=""
            name="submitBtn"
            tabindex="-1"
            type="button"
          >
            <span
              class="MuiButton-label"
            >
              Create session
            </span>
          </button>
        </div>
        <img
          alt="dashboard illustration"
          class="makeStyles-illustration-4"
          src="dashboardIllustration.svg"
        />
      </div>
    </div>
    <div
      aria-hidden="true"
      class="MuiBackdrop-root makeStyles-backdrop-22"
      style="opacity: 0; visibility: hidden;"
    >
      <div
        class="MuiPaper-root MuiCard-root makeStyles-card-23 MuiPaper-elevation1 MuiPaper-rounded"
      >
        <div
          class="MuiCardContent-root makeStyles-cardContent-24"
        >
          <div
            class="makeStyles-form-25"
          >
            <h1
              class="MuiTypography-root MuiTypography-h1"
              style="color: rgb(0, 0, 0);"
            >
              Add Student
            </h1>
            <div
              class="MuiFormControl-root MuiTextField-root makeStyles-inputNewStudentName-26"
            >
              <label
                class="MuiFormLabel-root MuiInputLabel-root MuiInputLabel-formControl MuiInputLabel-animated"
                data-shrink="false"
              >
                Student name
              </label>
              <div
                class="MuiInputBase-root MuiInput-root MuiInput-underline MuiInputBase-formControl MuiInput-formControl"
              >
                <input
                  aria-invalid="false"
                  class="MuiInputBase-input MuiInput-input"
                  data-testid="content-input"
                  type="text"
                  value=""
                />
              </div>
            </div>
            <div
              class="MuiCardActions-root MuiCardActions-spacing"
              style="width: 100%; justify-content: flex-end;"
            >
              <button
                class="MuiButtonBase-root MuiButton-root MuiButton-text"
                tabindex="0"
                type="button"
              >
                <span
                  class="MuiButton-label"
                >
                  Cancel
                </span>
                <span
                  class="MuiTouchRipple-root"
                />
              </button>
              <button
                class="MuiButtonBase-root MuiButton-root MuiButton-contained makeStyles-btn-27 MuiButton-containedPrimary"
                tabindex="0"
                type="button"
              >
                <span
                  class="MuiButton-label"
                >
                  <span
                    class="MuiButton-startIcon MuiButton-iconSizeMedium"
                  >
                    <svg
                      aria-hidden="true"
                      class="MuiSvgIcon-root"
                      focusable="false"
                      viewBox="0 0 24 24"
                    >
                      <path
                        d="M19 13h-6v6h-2v-6H5v-2h6V5h2v6h6v2z"
                      />
                    </svg>
                  </span>
                  Add student
                </span>
                <span
                  class="MuiTouchRipple-root"
                />
              </button>
            </div>
          </div>
        </div>
      </div>
    </div>
  </div>
</body>
`;
